
   PASS  Tests\Feature\CountTest
  ✓ it Runs count with dataset "Without count"                           0.24s  
  ✓ it Runs count with dataset "With count"                              0.04s  

   PASS  Tests\Feature\ExpandTest
  ✓ it Run filter with dataset "Simple expand"                           0.04s  
  ✓ it Run filter with dataset "Simple expands"                          0.03s  
  ✓ it Run filter with dataset "Simple expand 2"                         0.03s  
  ✓ it Run filter with dataset "Simple expand 23"                        0.04s  

   FAIL  Tests\Feature\FilterTest
  ✓ it Run filter with dataset "Without filters"                         0.05s  
  ✓ it Run filter with dataset "IN operator with strings"                0.05s  
  ✓ it Run filter with dataset "IN operator with numbers"                0.04s  
  ✓ it Run filter with dataset "Simple name filter"                      0.05s  
  ✓ it Run filter with dataset "Simple different source filter"          0.04s  
  ✓ it Run filter with dataset "Simple contains filter"                  0.04s  
  ✓ it Run filter with dataset "Simple startswith filter"                0.04s  
  ✓ it Run filter with dataset "Simple endswith filter"                  0.04s  
  ✓ it Run filter with dataset "Non existing filter"                     0.04s  
  ✓ it Run filter with dataset "Two filters"                             0.04s  
  ✓ it Run filter with dataset "Grouped filter"                          0.04s  
  ✓ it Run filter with dataset "Simple any filter"                       0.04s  
  ✓ it Run filter with dataset "Simple any filter but not expandable"    0.04s  
  ⨯ it Run filter with dataset "Two filters with any filter"             0.06s  
  ⨯ it Run filter with dataset "Two filters with any filter but inverse… 0.05s  
  ✓ it Run filter with dataset "Simple all filter"                       0.05s  
  ⨯ it Run filter with dataset "Two filters with all filter"             0.04s  
  ⨯ it Run filter with dataset "Two filters with all filter but inverse… 0.05s  
  ⨯ it Run filter with dataset "Two filters with all filter but not exp… 0.05s  

   PASS  Tests\Feature\OperatorTest
  ✓ it Eq operator                                                       0.05s  

   PASS  Tests\Feature\OrderByTest
  ✓ it Runs orderby with dataset "Without orderby"                       0.05s  
  ✓ it Runs orderby with dataset "Order by test1 asc"                    0.04s  
  ✓ it Runs orderby with dataset "Order by test1 desc"                   0.04s  
  ✓ it Runs orderby with dataset "Order by test1 asc, test2 asc"         0.04s  
  ✓ it Runs orderby with dataset "Order by test1 asc, test2 desc"        0.04s  
  ✓ it Runs orderby with dataset "Order by test1 desc, test2 asc"        0.05s  
  ✓ it Runs orderby with dataset "Order by test1 desc, test2 desc"       0.05s  

   PASS  Tests\Feature\SearchTest
  ✓ it handles no search with dataset "No search"                        0.05s  
  ✓ it handles no search with dataset "Single word search"               0.05s  
  ✓ it handles no search with dataset "Double word not exact search"     0.05s  
  ✓ it handles no search with dataset "Double word exact search"         0.05s  
  ✓ it handles no search with dataset "Double word exact search with or… 0.05s  
  ✓ it handles no search with dataset "Exclusion (NOT) operator"         0.04s  
  ✓ it handles no search with dataset "Multiple exclusions (NOT)"        0.04s  
  ✓ it handles no search with dataset "Wildcard search"                  0.04s  
  ✓ it handles no search with dataset "Exact phrase with wildcard"       0.04s  
  ✓ it handles no search with dataset "Multiple exact phrases"           0.04s  
  ✓ it handles no search with dataset "Wildcard with multiple terms"     0.05s  
  ✓ it handles no search with dataset "Combination of exact phrase and…  0.04s  
  ✓ it handles no search with dataset "Multiple wildcards"               0.04s  
  ✓ it handles no search with dataset "Exact phrase with multiple terms… 0.04s  
  ✓ it handles no search with dataset "Search with special characters a… 0.05s  

   PASS  Tests\Feature\SelectTest
  ✓ it Run filter with dataset "Simple select"                           0.07s  
  ✓ it Run filter with dataset "Empty select"                            0.04s  
  ✓ it Run filter with dataset "Non existing select"                     0.04s  
  ✓ it Run filter with dataset "Multiple selects"                        0.04s  
  ✓ it Run filter with dataset "Multiple selects without space"          0.04s  

   PASS  Tests\Feature\SkipTest
  ✓ it Simple skip with dataset "No skip"                                0.05s  
  ✓ it Simple skip with dataset "Skip 10"                                0.04s  
  ✓ it Simple skip with dataset "Skip 50"                                0.04s  

   PASS  Tests\Feature\TopTest
  ✓ it Simple top with dataset "No top"                                  0.06s  
  ✓ it Simple top with dataset "Top 10"                                  0.04s  
  ✓ it Simple top with dataset "Top 1000"                                0.05s  
  ✓ it Simple top with dataset "Top 10000"                               0.04s  

   PASS  Tests\Unit\ExpandTest
  ✓ it can have a single one to one expand                               0.10s  
  ✓ it can have a single one to many expand                              0.07s  
  ✓ it can have multiple expands                                         0.06s  
  ✓ it can have multiple expands with details                            0.06s  

   PASS  Tests\Unit\FilterTest
  ✓ it can filter models by name                                         0.05s  
  ✓ it can filter models by name not equals                              0.04s  
  ✓ it can filter models using in operator                               0.05s  
  ✓ it can filter models using in operator on related models             0.05s  
  ✓ it can filter models using in operator on related models with numbe… 0.05s  

   PASS  Tests\Unit\IntegrationTest
  ✓ it can have many parameters                                          0.07s  
  ────────────────────────────────────────────────────────────────────────────  
   FAILED  Tests\Feature\FilterTest > it Run filter with dataset "Two filter…   
  Failed asserting that two strings are equal.
  -'select * from "test_models" where (("test_models"."name" = 'Aqqo') and (exists (select * from "related_models" where "test_models"."id" = "related_models"."test_model_id" and "related_models"."name" = 'Aqqo'))) limit 100 offset 0'
  +'select * from "test_models" where "test_models"."name" = 'Aqqo' and exists (select * from "related_models" where "test_models"."id" = "related_models"."test_model_id" and "related_models"."name" = 'Aqqo') limit 100 offset 0'
  

  at tests/Feature/FilterTest.php:7
      3▕ namespace Aqqo\OData\Tests\Feature;
      4▕ 
      5▕ it('Run filter', function (?string $filter, string $result) {
      6▕     $query = createQueryFromParams(filter: $filter);
  ➜   7▕     expect($query->toSql())->toEqual($result);
      8▕ })->with([
      9▕     "Without filters" => ["", 'select * from "test_models" limit 100 offset 0'],
     10▕     "IN operator with strings" => ["name in ('Test', 'Aqqo', 'Example')", 'select * from "test_models" where "test_models"."name" in (\'Test\', \'Aqqo\', \'Example\') limit 100 offset 0'],
     11▕     "IN operator with numbers" => ["id in (1, 2, 3)", 'select * from "test_models" where "test_models"."id" in (\'1\', \'2\', \'3\') limit 100 offset 0'],

  1   tests/Feature/FilterTest.php:7

  ────────────────────────────────────────────────────────────────────────────  
   FAILED  Tests\Feature\FilterTest > it Run filter with dataset "Two filter…   
  Failed asserting that two strings are equal.
  -'select * from "test_models" where ((exists (select * from "related_models" where "test_models"."id" = "related_models"."test_model_id" and "related_models"."name" = 'Aqqo')) and ("test_models"."name" = 'Aqqo')) limit 100 offset 0'
  +'select * from "test_models" where exists (select * from "related_models" where "test_models"."id" = "related_models"."test_model_id" and "related_models"."name" = 'Aqqo') and "test_models"."name" = 'Aqqo' limit 100 offset 0'
  

  at tests/Feature/FilterTest.php:7
      3▕ namespace Aqqo\OData\Tests\Feature;
      4▕ 
      5▕ it('Run filter', function (?string $filter, string $result) {
      6▕     $query = createQueryFromParams(filter: $filter);
  ➜   7▕     expect($query->toSql())->toEqual($result);
      8▕ })->with([
      9▕     "Without filters" => ["", 'select * from "test_models" limit 100 offset 0'],
     10▕     "IN operator with strings" => ["name in ('Test', 'Aqqo', 'Example')", 'select * from "test_models" where "test_models"."name" in (\'Test\', \'Aqqo\', \'Example\') limit 100 offset 0'],
     11▕     "IN operator with numbers" => ["id in (1, 2, 3)", 'select * from "test_models" where "test_models"."id" in (\'1\', \'2\', \'3\') limit 100 offset 0'],

  1   tests/Feature/FilterTest.php:7

  ────────────────────────────────────────────────────────────────────────────  
   FAILED  Tests\Feature\FilterTest > it Run filter with dataset "Two filter…   
  Failed asserting that two strings are equal.
  -'select * from "test_models" where (("test_models"."name" = 'Aqqo') and (not exists (select * from "related_models" where "test_models"."id" = "related_models"."test_model_id" and "related_models"."cost" <= '10'))) limit 100 offset 0'
  +'select * from "test_models" where "test_models"."name" = 'Aqqo' and not exists (select * from "related_models" where "test_models"."id" = "related_models"."test_model_id" and "related_models"."cost" <= '10') limit 100 offset 0'
  

  at tests/Feature/FilterTest.php:7
      3▕ namespace Aqqo\OData\Tests\Feature;
      4▕ 
      5▕ it('Run filter', function (?string $filter, string $result) {
      6▕     $query = createQueryFromParams(filter: $filter);
  ➜   7▕     expect($query->toSql())->toEqual($result);
      8▕ })->with([
      9▕     "Without filters" => ["", 'select * from "test_models" limit 100 offset 0'],
     10▕     "IN operator with strings" => ["name in ('Test', 'Aqqo', 'Example')", 'select * from "test_models" where "test_models"."name" in (\'Test\', \'Aqqo\', \'Example\') limit 100 offset 0'],
     11▕     "IN operator with numbers" => ["id in (1, 2, 3)", 'select * from "test_models" where "test_models"."id" in (\'1\', \'2\', \'3\') limit 100 offset 0'],

  1   tests/Feature/FilterTest.php:7

  ────────────────────────────────────────────────────────────────────────────  
   FAILED  Tests\Feature\FilterTest > it Run filter with dataset "Two filter…   
  Failed asserting that two strings are equal.
  -'select * from "test_models" where ((not exists (select * from "related_models" where "test_models"."id" = "related_models"."test_model_id" and "related_models"."cost" <= '10')) and ("test_models"."name" = 'Aqqo')) limit 100 offset 0'
  +'select * from "test_models" where not exists (select * from "related_models" where "test_models"."id" = "related_models"."test_model_id" and "related_models"."cost" <= '10') and "test_models"."name" = 'Aqqo' limit 100 offset 0'
  

  at tests/Feature/FilterTest.php:7
      3▕ namespace Aqqo\OData\Tests\Feature;
      4▕ 
      5▕ it('Run filter', function (?string $filter, string $result) {
      6▕     $query = createQueryFromParams(filter: $filter);
  ➜   7▕     expect($query->toSql())->toEqual($result);
      8▕ })->with([
      9▕     "Without filters" => ["", 'select * from "test_models" limit 100 offset 0'],
     10▕     "IN operator with strings" => ["name in ('Test', 'Aqqo', 'Example')", 'select * from "test_models" where "test_models"."name" in (\'Test\', \'Aqqo\', \'Example\') limit 100 offset 0'],
     11▕     "IN operator with numbers" => ["id in (1, 2, 3)", 'select * from "test_models" where "test_models"."id" in (\'1\', \'2\', \'3\') limit 100 offset 0'],

  1   tests/Feature/FilterTest.php:7

  ────────────────────────────────────────────────────────────────────────────  
   FAILED  Tests\Feature\FilterTest > it Run filter with dataset "Two filter…   
  Failed asserting that two strings are equal.
  -'select * from "test_models" where (("test_models"."name" = 'Aqqo')) limit 100 offset 0'
  +'select * from "test_models" where "test_models"."name" = 'Aqqo' limit 100 offset 0'
  

  at tests/Feature/FilterTest.php:7
      3▕ namespace Aqqo\OData\Tests\Feature;
      4▕ 
      5▕ it('Run filter', function (?string $filter, string $result) {
      6▕     $query = createQueryFromParams(filter: $filter);
  ➜   7▕     expect($query->toSql())->toEqual($result);
      8▕ })->with([
      9▕     "Without filters" => ["", 'select * from "test_models" limit 100 offset 0'],
     10▕     "IN operator with strings" => ["name in ('Test', 'Aqqo', 'Example')", 'select * from "test_models" where "test_models"."name" in (\'Test\', \'Aqqo\', \'Example\') limit 100 offset 0'],
     11▕     "IN operator with numbers" => ["id in (1, 2, 3)", 'select * from "test_models" where "test_models"."id" in (\'1\', \'2\', \'3\') limit 100 offset 0'],

  1   tests/Feature/FilterTest.php:7


  Tests:    5 failed, 65 passed (87 assertions)
  Duration: 3.77s

